---
source: src/viewer/image/tests.rs
expression: "render_raster(\"test-images/fire.png\", ImageMode::Block, ColorMode::Plain,\nBackground::Checkerboard,)"
---
▀▄▀▄▀▄▀▄▀▄▀▄▀▄▐▟▀▄▀▄▀▄▀▄▀▄▀▄▀▄▀▄▀▄▀▄▀▄▀▄
▀▄▀▄▀▄▀▄▀▄▀▄▀▄▐▟▝▄▀▄▀▄▀▄▀▄▀▄▀▄▀▄▀▄▀▄▀▄▀▄
▀▄▀▄▀▄▀▄▀▄▀▄▀▄▀░▌▄░▄▀▄▀▄▀▄▀▄▀▄▀▄▀▄▀▄▀▄▀▄
▀▄▀▄▀▄▀▄▀▄▀▄▀▄▟▐*▘▀▄▀▄▀▄▀▄▀▄▀▄▀▄▀▄▀▄▀▄▀▄
▀▄▀▄▀▄▀▄▀▄▀▄▀▄▜▌▀▙▀▙▌%▄▄▀▄▀▄▀▄▀▄▀▄▀▄▀▄▀▄
▀▄▀▄▀▄▀▄▀▄▀▄▀▌▀▌▌▄▀██▄▀▙▄▄▀▄▀▄▀▄▀▄▀▄▀▄▀▄
▀▄▀▄▀▄▀▄▀▄▀▄▖▌▝▟▛▄▀█@▌▀▌\▙▀▄▀▄▀▄▀▄▀▄▀▄▀▄
▀▄▀▄▀▄▀▄▛▙▀▄▀▌▐▟▛▄▀▖▙_▟█▀"▀▄▀▄▀▄▀▄▀▄▀▄▀▄
▀▄▀▄▀▄▀▄▀▄▀▄▀▄▀▐▌▄▀▄▘▌▀▄▀▜▌▄▐▛▌▄▀▄▀▄▀▄▀▄
▀▄▀▄▀▄▀▄▀▄▀▄▀▄▀▟▀▄▀▄▜▌▀▄▀▄▀▄▀▀▀▄▀▄▀▄▀▄▀▄
▀▄▀▄▀▄▀▄▀▄▀▄▀▄▝▄▀▄▀▄▀▙▒▄▀▄▀▄▀▄▀▄▀▄▀▄▀▄▀▄
▀▄▀▄▀▄▀▄▀▄▀▄▀▄▀▄▀▄▀▄▀▄▀▄▀▄▀▄▀▄▀▄▀▄▀▄▀▄▀▄
▀▄▀▄▀▄▀▄▀▄▀▄▀▄▀▄▀▄▀▄▀▄▀▄▀▄▀▄▀▄▀▄▀▄▀▄▀▄▀▄
