---
source: src/viewer/image/tests.rs
expression: "render_svg(\"test-images/calendar.svg\", ImageMode::Contour, ColorMode::Plain,\nBackground::Auto,)"
---
                                        
        ▗▘▝▖                ▗▘▝▖        
   ▗-▘▘▘▝  ▘▘▘▘▘▘▘▘▘▘▘▘▘▘▘▘▘▝  ▘▘▝▝-▖   
  /▘▗/▘▘▘▘▘▘▘▘▘▘▘▘▘▘▘▘▘▘▘▘▘▘▘▘▘▘▘▝\▖▝▙  
  ▌ |   ________________________   | ▐  
  ▌ ▌  ▐▘----------------------▝▌  | ▐  
  ▌ ▌  ▐_                      _▌  | ▐  
  ▌ ▌  -▘▘▘▘▘▘▘▘▘▘▘▘▘▘▘▘▘▘▘▘▘▘▘▝-  | ▐  
  ▌ ▌               _____ _____    | ▐  
  ▌ ▌              -▘  -▌ ▐-  ▝░   | ▐  
  ▌ ▌              -▖  _▌ ▐_  _░   | ▐  
  ▌ ▌               ▝▘▘▘- -▝▘▘▘    | ▐  
  ▌ ▌   ▗░▘▘▝▖ |▘▘▘\_              | ▐  
  ▌ ▌   ▐_   ▌ |   _░              | ▐  
  ▌ ▌   -▘--▝▘ ▝---▝-              | ▐  
  ▌ ▌                              | ▐  
  ▌ |                              | ▐  
  ▜_▝\____________________________-▘_/  
  -▀-______________________________-▀-
