---
source: src/types/image/pipeline/tests.rs
assertion_line: 131
expression: "render_raster(\"test-images/clover.png\", ImageMode::Block, StyleMode::Plain,\nBackground::Checkerboard,)"
---
▀▄▀▄▀▄▀▄▀▄▀▄▀▄▀▄▀▄▀▄▀▄▀▄▀▄▀▄▀▄▀▄▀▄▀▄▀▄▀▄
▀▄▀▄▀▄▀▄▀▄▀▄▀▄▀+▀▗▀▄▀▄▀▄▀▄▀▄▀▄▀▄▀▄▀▄▀▄▀▄
▀▄▀▄▀▄▀▄▀▄▀▄▀▒▒▒▒▒░▒▀▄▀▄▀▄▀▄▀▄▀▄▀▄▀▄▀▄▀▄
▀▄▀▄▀▄▀▄▀-▀░░░░░░░░░░▗▀▄▀▄▀▒ ░░░ ▒▀▄▀▄▀▄
▀▄▀▄▀▖▘░░░░░░░░░░░░░░░▀▄▀░░░░░░░░░▒▗▀▄▀▄
▀▄▀▄▀▒░░░░░▄░░░░░░░░░░▝▖░░░░░░░░░░░▐▀▄▀▄
▀▄▀▄▀▖░░░░░░░░░▀▀▀ ▀▘▀▝░░░░░░░░░░░░░▀▄▀▄
▀▄▀▄▀▄▒░░░░░░░░░      ░░  ▀▀░░░░░░░░░▒▀▄
▀▄▀▄▀▒▘░░░░░░░░░  ░░ ▐░░░░  ▄░░░░░░░░░▝▄
▀▄▀▒░░░░░░░░░░░      ▌ ░   ░░░░░░░░░░░▝▄
▀▄▒░░░░░░░░░░░░░░░░░░▐▀%▄▄▄▄▄░░░░░▒▗▒▄▀▄
▀▄,░░░░░░░░▀▘▄▄    ▟▘░░   ▝░▀▗▀▄▀▄▀▄▀▄▀▄
▀▄▀▄░░░░*▄░░░░░▄░ ▟▌    ▗▟░░░░ ░▀▄▀▄▀▄▀▄
▀▄▀▄▘░░░░░░░░░░░░▄▝▌░░░░░░░░░░░░░▗▀▄▀▄▀▄
▀▄▀▄▀▖░░░░░░░░░▗▟▄▀░░░░░░░░░░░░░░▗▀▄▀▄▀▄
▀▄▀▄▀▄▒░░░░░▒▄▝▒▀▄▘░░░░░░░░░░░░▗▝▄▀▄▀▄▀▄
▀▄▀▄▀▄▀▄ ▄^▄▀▄▘▄▀▄▘░░░░░░░▒▄▀▄▀▄▀▄▀▄▀▄▀▄
▀▄▀▄▀▄▀▄▀▄▀▄▀▄▀▄▀▄▀▄~▄▒▄▒▄▀▄▀▄▀▄▀▄▀▄▀▄▀▄
