---
source: src/viewer/image/tests.rs
expression: "render_raster(\"test-images/cozy-room.jpg\", ImageMode::Full, ColorMode::Plain,\nBackground::Auto,)"
---
░▐▐▀▀▟▌▄▝▗▜▓▀▀▓▓▓▓▓▓▓▓▓▓▀▀▀▀▀▙▟▓▓▓▓▓▓▓▓▓
░ ░#▄▜░▄▜▄▓▓▓▓▓▓▓▓▓▓▓▓▓▓▓▓▓▓▓▓▓▓█M▀▀▀`▀▓
░▄░▝▀_[▓▓}▓▓▒M▄M▄M▓▓▓▓▓▓▓▓▓▓▓▓▓▓▓░▒▒▌▙░▓
▀▀▀░░░▝▜▓▓▓▛▒▐█N█H▐▓▓▓▓▓▓▓▓▓▓▓▓▓▓P▒▙f8h▓
    ░▗▄▄▓▓▓▌▀▐▓▓█▌▐▓▓▓▓▓▓▓▓▓▓▓▓▓▓█▐▛N█k▓
░░▄▄▖▐▌▓▓1▓▌▐▝▀__▀▐▓▓▓▓▓▓▓▓▓▓▓▓▓▓▜▒▙5▌▐>
 ░░░▐▐▌▐▓[▓▌▄▄▓▓▓▓▓▓▓▛_M`▓▓▓▓▓▓▓▓p░▐▒▙▒▓
  ░▐▐▐▌░;▀▀▀.▜▓▓▓▓▓▓+w█▓▛▛&w▀▀▜▓▓▒░░░▛▐▓
▀▀▀ ▐▐▌▀W▄▄<a▛▀▀▀▜^^^▓▓▓▌▌,▒▌▒▐▓▓▀░░░░▝▓
    ▐▐▙█▓▛▙▄░▄$M▀▀._▀1^▀▘▌▀▀▀s▐▓█▒░░░░ ▓
    ▐▐▓▓▒▒▓▄▄=▘▝_▄▄▄_▀▀▀B▄░░░▙▐▀▌▄▄▄▄▄▄▀
   ░▗▟▀H#▗▛▛▛▀▀ M▌▀▀▀▀▀▀▜I▄p▄▄▄▄▄▄▄▄▄▄▄▒
▄░▗▄░░░▒▐▛▗▖░░░░▝▄▄▖▖ ▌░▄▄░_░░░░░░▝ ~*w▄
