---
source: src/types/image/pipeline/tests.rs
assertion_line: 121
expression: "render_raster(\"test-images/clover.png\", ImageMode::Block, StyleMode::Plain,\nBackground::Auto,)"
---
████████████████████████████████████████
██████████████__▀▜██████████████████████
████████████▀"▒▒▒▒░▝▜███████████████████
███████__▀▀▘░░░░░░░░▒▜████▛▀ "░  ▀▜█████
█████▛▘░░░░░░░░░░░░░░ ██▛▘░░░░░░░░▝▜████
█████▘░░░░░▄░░░░░░░░░░▐▌░░░░░░░░░░░▝████
█████ ░░░░░░░░░▀▀▀ ▀▘▀▝░░░░░░░░░░░░░▀███
█████▙▖░░░░░░░░░      ░░  ▀▀░░░░░░░░░▝▜█
████▛▀▘░░░░░░░░░  ░░ ▐░░░░  ▄░░░░░░░░░ █
██▛▘░░░░░░░░░░░      ▘ ░   ░░░░░░░░░░░▐█
██▘░░░░░░░░░░░░░░░░░░+▀%▄▄▄▄▄░░░░░_▗▄▟██
██▖░░░░░░░░▀▘▄▄    ▟▘░░   ▝▀▀▜██████████
███▄░░░░*▄░░░░░▄░ ▐▖    ▗▟░░░░ ▝▜███████
████▙░░░░░░░░░░░░▄▟▘░░░░░░░░░░░░░▐██████
█████▖░░░░░░░░░▗▄▟▌░░░░░░░░░░░░░░▐██████
█████▙▖░░░░░_▄▟▘▟█▌░░░░░░░░░░░_▗▟███████
████████▄▄▄███▘▟██▙_░░░░░░▗▄████████████
█████████████▘▟█████▄▄▄▄▄▟██████████████
