---
source: src/viewer/image/tests.rs
expression: "render_raster(\"test-images/cozy-room.jpg\", ImageMode::Geo, ColorMode::Plain,\nBackground::Auto,)"
---
░▐▐▀▀▟▌▄▝▗▜▓▀▀▓▓▓▓▓▓▓▓▓▓▀▀▀▀▀▙▟▓▓▓▓▓▓▓▓▓
░ ░▀▄▜░▄▜▄▓▓▓▓▓▓▓▓▓▓▓▓▓▓▓▓▓▓▓▓▓▓█▒▀▀▀ ▀▓
░▄░▝▀_|▓▓|▓▓▒▐▄▄▄-▓▓▓▓▓▓▓▓▓▓▓▓▓▓▓░▒▒▌▙░▓
▀▀▀░░░▝▜▓▓▓▛▒▐█▗█-▐▓▓▓▓▓▓▓▓▓▓▓▓▓▓█▒▙/-░▓
    ░▗▄▄▓▓▓▌▀▐▓▓█▌▐▓▓▓▓▓▓▓▓▓▓▓▓▓▓█▐▛▟█▒▓
░░▄▄▖▐▌▓▓|▓▌▐▝▀__▀▐▓▓▓▓▓▓▓▓▓▓▓▓▓▓▜▒▙▌▌▐-
 ░░░▐▐▌▐▓|▓▌▄▄▓▓▓▓▓▓▓▛__█▓▓▓▓▓▓▓▓▙░▐▒▙▒▓
  ░▐▐▐▌░|▀▀▀░▜▓▓▓▓▓▓--█▓▛▛▀▀▀▀▜▓▓▒░░░▛▐▓
▀▀▀ ▐▐▌▀▜▄▄-▗▛▀▀▀▜▄██▓▓▓▌▌▜▒▌▒▐▓▓▀░░░░▝▓
    ▐▐▙█▓▛▙▄░▄\-▀▀▗_▀▙▄▀▘▌▀▀▀▝▐▓█▒░░░░ ▓
    ▐▐▓▓▒▒▓▄▄-▘▝_▄▄▄_▀▀▀▘▄░░░▙▐▀▌▄▄▄▄▄▄▀
   ░▗▟▀ /▗▛▛▛▀▀ ▐▌▀▀▀▀▀▀▜█▄▄▄▄▄▄▄▄▄▄▄▄▄▒
▄░▗▄░░░▒▐▛▗▖░░░░▝▄▄▖▖ ▌░▄▄░_░░░░░░▝ --▄▄
