---
source: src/viewer/image/tests.rs
expression: "render_raster(\"test-images/cozy-room.jpg\", ImageMode::Contour,\nColorMode::Plain, Background::Auto,)"
---
-|---▐|\_░\            -▄▄-▄_░▘         
-▝____▙░▝▒                      ▗/▘▘/-▐ 
  --\_▝_ |   _//-_              -▖  __▐ 
-    -▝_   ▗ ▌-- --             -▘ -░_▒ 
     ▗▗-   ▐-▌ -  -             -░_▗▘▗▒ 
 ____||░ _ ▐-▝▄▄_▗▖   _-        -▘-_-▝▒░
   -|||░ | |-▝-      __▒▘       _▘ / ▗▒ 
    \||░-░░-░\▖    -----▗▖▒▒▄▄▖ -_----▐ 
▝▀▀-||▐░/\▄▒▒▒▘--▒▀▀▘   ▐▟__▐_▌  ░    ▐ 
    ||▝▘ ▝▀_ /▀/▀▗-▘_-- ▝▝▘---▘ _░    ▐ 
    -| _---▗▄▖-▜▒▄▖\_____-  --▝\▝-    ▝-
   /▗▝ -/_▄/▀▀▀▘▒▒▌/-▀▄▄▄_________   -  
  _--   -▗▒░    _▘/▖-___/_ _--__---▀▀▒▒▘
